{
  "errors": [
    {
      "message": "Unexpected token: Name.",
      "locations": [
        {
          "line": 1,
          "column": 3
        }
      ],
      "extensions": {
        "code": "HC0014"
      }
    }
  ]
}
